{
    "from" : 0,
    "size" : 200,
    "_source" : {
        "includes" : [
            "cust_code"
        ],
        "excludes" : [ ]
    },
    "script_fields" : {
        "test" : {
            "script" : {
                "inline" : "if((doc['value'].value >= 100 && doc['value'].value <=200)){'aaa'} else {doc['value'].value}",
                "lang" : "painless"
            },
            "ignore_failure" : false
        }
    }
}